12:21:52 **** Incremental Build of configuration Debug for project UART TT to STm interrrupt V2 ****
make -j6 all 
arm-none-eabi-gcc "../Core/Src/main.c" -mcpu=cortex-m4 -std=gnu11 -g3 -DDEBUG -DUSE_HAL_DRIVER -DSTM32L476xx -c -I../Core/Inc -I../Drivers/STM32L4xx_HAL_Driver/Inc -I../Drivers/STM32L4xx_HAL_Driver/Inc/Legacy -I../Drivers/CMSIS/Device/ST/STM32L4xx/Include -I../Drivers/CMSIS/Include -O0 -ffunction-sections -fdata-sections -Wall -fstack-usage -fcyclomatic-complexity -MMD -MP -MF"Core/Src/main.d" -MT"Core/Src/main.o" --specs=nano.specs -mfpu=fpv4-sp-d16 -mfloat-abi=hard -mthumb -o "Core/Src/main.o"
../Core/Src/main.c: In function 'HAL_UART_RxCpltCallback':
../Core/Src/main.c:73:42: warning: array subscript has type 'char' [-Wchar-subscripts]
   73 |                         Rx_Buffer[Rx_indx++]=Rx_data[0];        //add data to Rx_Buffer
      |                                   ~~~~~~~^~
../Core/Src/main.c:81:46: warning: pointer targets in passing argument 2 of 'HAL_UART_Receive_IT' differ in signedness [-Wpointer-sign]
   81 |                 HAL_UART_Receive_IT(&huart2, Rx_data, 1);       //activate UART receive interrupt every time
      |                                              ^~~~~~~
      |                                              |
      |                                              char *
In file included from ../Core/Inc/stm32l4xx_hal_conf.h:450,
                 from ../Drivers/STM32L4xx_HAL_Driver/Inc/stm32l4xx_hal.h:29,
                 from ../Core/Inc/main.h:30,
                 from ../Core/Src/main.c:20:
../Drivers/STM32L4xx_HAL_Driver/Inc/stm32l4xx_hal_uart.h:1699:75: note: expected 'uint8_t *' {aka 'unsigned char *'} but argument is of type 'char *'
 1699 | HAL_StatusTypeDef HAL_UART_Receive_IT(UART_HandleTypeDef *huart, uint8_t *pData, uint16_t Size);
      |                                                                  ~~~~~~~~~^~~~~
../Core/Src/main.c: In function 'main':
../Core/Src/main.c:118:32: warning: pointer targets in passing argument 2 of 'HAL_UART_Receive_IT' differ in signedness [-Wpointer-sign]
  118 |   HAL_UART_Receive_IT(&huart2, Rx_data, 1);
      |                                ^~~~~~~
      |                                |
      |                                char *
../Drivers/STM32L4xx_HAL_Driver/Inc/stm32l4xx_hal_uart.h:1699:75: note: expected 'uint8_t *' {aka 'unsigned char *'} but argument is of type 'char *'
 1699 | HAL_StatusTypeDef HAL_UART_Receive_IT(UART_HandleTypeDef *huart, uint8_t *pData, uint16_t Size);
      |                                                                  ~~~~~~~~~^~~~~
../Core/Src/main.c:131:45: warning: implicit declaration of function 'strlen' [-Wimplicit-function-declaration]
  131 |                                         len=strlen(buffer);
      |                                             ^~~~~~
../Core/Src/main.c:23:1: note: include '<string.h>' or provide a declaration of 'strlen'
   22 | #include <stdio.h>
  +++ |+#include <string.h>
   23 | /* Private includes ----------------------------------------------------------*/
../Core/Src/main.c:131:45: warning: incompatible implicit declaration of built-in function 'strlen' [-Wbuiltin-declaration-mismatch]
  131 |                                         len=strlen(buffer);
      |                                             ^~~~~~
../Core/Src/main.c:131:45: note: include '<string.h>' or provide a declaration of 'strlen'
../Core/Src/main.c:132:68: warning: pointer targets in passing argument 2 of 'HAL_UART_Transmit' differ in signedness [-Wpointer-sign]
  132 |                                         HAL_UART_Transmit(&huart2, buffer, len, 1000);
      |                                                                    ^~~~~~
      |                                                                    |
      |                                                                    char *
../Drivers/STM32L4xx_HAL_Driver/Inc/stm32l4xx_hal_uart.h:1696:79: note: expected 'const uint8_t *' {aka 'const unsigned char *'} but argument is of type 'char *'
 1696 | HAL_StatusTypeDef HAL_UART_Transmit(UART_HandleTypeDef *huart, const uint8_t *pData, uint16_t Size, uint32_t Timeout);
      |                                                                ~~~~~~~~~~~~~~~^~~~~
arm-none-eabi-gcc -o "UART TT to STm interrrupt V2.elf" @"objects.list"   -mcpu=cortex-m4 -T"C:\Users\stagiair\Documents\Stage Justin\DAC ADDON\ST Software\UART TT to STm interrrupt V2\STM32L476RGTX_FLASH.ld" --specs=nosys.specs -Wl,-Map="UART TT to STm interrrupt V2.map" -Wl,--gc-sections -static --specs=nano.specs -mfpu=fpv4-sp-d16 -mfloat-abi=hard -mthumb -Wl,--start-group -lc -lm -Wl,--end-group
Finished building target: UART TT to STm interrrupt V2.elf
 
arm-none-eabi-size  UART\ TT\ to\ STm\ interrrupt\ V2.elf 
arm-none-eabi-objdump -h -S UART\ TT\ to\ STm\ interrrupt\ V2.elf  > "UART TT to STm interrrupt V2.list"
   text	   data	    bss	    dec	    hex	filename
  14384	     12	   1924	  16320	   3fc0	UART TT to STm interrrupt V2.elf
Finished building: default.size.stdout
 
Finished building: UART TT to STm interrrupt V2.list
 

12:21:53 Build Finished. 0 errors, 6 warnings. (took 832ms)

