../Core/Src/main.c:58:6:MAX4820_Select	8	static
../Core/Src/main.c:62:6:MAX4820_Deselect	8	static
../Core/Src/main.c:67:6:MAX4820_SendData	24	static
../Core/Src/main.c:77:6:MAX4820_60V_pos	8	static
../Core/Src/main.c:82:6:MAX4820_60V_neg	8	static
../Core/Src/main.c:99:5:main	8	static
../Core/Src/main.c:146:6:SystemClock_Config	96	static
../Core/Src/main.c:196:13:MX_SPI1_Init	8	static
../Core/Src/main.c:236:13:MX_USART2_UART_Init	8	static
../Core/Src/main.c:271:13:MX_GPIO_Init	48	static
../Core/Src/main.c:311:6:Error_Handler	4	static,ignoring_inline_asm
