../Core/Src/main.c:105:6:MAX4820_Select	8	static
../Core/Src/main.c:109:6:MAX4820_Deselect	8	static
../Core/Src/main.c:114:6:MAX4820_SendData	24	static
../Core/Src/main.c:124:6:MAX4820_60V_pos	8	static
../Core/Src/main.c:129:6:MAX4820_60V_neg	8	static
../Core/Src/main.c:134:6:MAX4820_5V_pos	8	static
../Core/Src/main.c:138:6:MAX4820_5V_neg	8	static
../Core/Src/main.c:142:19:DAC80501DataVoltage5V	24	static
../Core/Src/main.c:180:19:DAC80501DataVoltage60V	24	static
../Core/Src/main.c:214:19:CalibratedDAC80501DataVoltage60V	24	static
../Core/Src/main.c:263:6:HAL_UARTEx_RxEventCallback	16	static
../Core/Src/main.c:297:5:main	8	static
../Core/Src/main.c:354:6:SystemClock_Config	96	static
../Core/Src/main.c:404:13:MX_SPI1_Init	8	static
../Core/Src/main.c:444:13:MX_SPI2_Init	32	static
../Core/Src/main.c:496:13:MX_USART2_UART_Init	8	static
../Core/Src/main.c:529:13:MX_DMA_Init	16	static
../Core/Src/main.c:547:13:MX_GPIO_Init	48	static
../Core/Src/main.c:587:6:Error_Handler	4	static,ignoring_inline_asm
