../Core/Src/main.c:110:19:DAC80501Reset	16	static
../Core/Src/main.c:132:19:DAC80501Config	16	static
../Core/Src/main.c:154:19:DAC80501Gain	16	static
../Core/Src/main.c:176:19:DAC80501DataVoltage5V	24	static
../Core/Src/main.c:208:19:DAC80501DataVoltage60V	24	static
../Core/Src/main.c:257:5:main	8	static
../Core/Src/main.c:319:6:SystemClock_Config	96	static
../Core/Src/main.c:369:13:MX_SPI1_Init	32	static
../Core/Src/main.c:436:13:MX_USART2_UART_Init	8	static
../Core/Src/main.c:471:13:MX_GPIO_Init	48	static
../Core/Src/main.c:511:6:Error_Handler	4	static,ignoring_inline_asm
