../Core/Src/main.c:84:19:DAC80501Reset	16	static
../Core/Src/main.c:106:19:DAC80501Config	16	static
../Core/Src/main.c:128:19:DAC80501Gain	16	static
../Core/Src/main.c:150:19:DAC80501DataVoltage5V	24	static
../Core/Src/main.c:182:19:DAC80501DataVoltage60V	24	static
../Core/Src/main.c:224:5:main	8	static
../Core/Src/main.c:279:6:SystemClock_Config	96	static
../Core/Src/main.c:329:13:MX_SPI1_Init	32	static
../Core/Src/main.c:381:13:MX_USART2_UART_Init	8	static
../Core/Src/main.c:416:13:MX_GPIO_Init	48	static
../Core/Src/main.c:456:6:Error_Handler	4	static,ignoring_inline_asm
