../Core/Src/main.c:62:6:MAX4820_Select	8	static
../Core/Src/main.c:66:6:MAX4820_Deselect	8	static
../Core/Src/main.c:71:6:MAX4820_SendData	24	static
../Core/Src/main.c:81:6:MAX4820_5V_pos	8	static
../Core/Src/main.c:87:6:MAX4820_60V_pos	8	static
../Core/Src/main.c:92:6:MAX4820_5V_neg	8	static
../Core/Src/main.c:98:6:MAX4820_60V_neg	8	static
../Core/Src/main.c:114:5:main	8	static
../Core/Src/main.c:165:6:SystemClock_Config	96	static
../Core/Src/main.c:215:13:MX_SPI2_Init	8	static
../Core/Src/main.c:255:13:MX_USART2_UART_Init	8	static
../Core/Src/main.c:290:13:MX_GPIO_Init	48	static
../Core/Src/main.c:340:6:Error_Handler	4	static,ignoring_inline_asm
