../Core/Src/main.c:107:19:DAC80501Reset	16	static
../Core/Src/main.c:130:19:DAC80501Config	16	static
../Core/Src/main.c:152:19:DAC80501Gain	16	static
../Core/Src/main.c:174:19:DAC80501DataVoltage5V	24	static
../Core/Src/main.c:206:19:DAC80501DataVoltage60V	24	static
../Core/Src/main.c:253:5:main	8	static
../Core/Src/main.c:308:6:SystemClock_Config	96	static
../Core/Src/main.c:358:13:MX_SPI1_Init	32	static
../Core/Src/main.c:410:13:MX_USART2_UART_Init	8	static
../Core/Src/main.c:445:13:MX_GPIO_Init	48	static
../Core/Src/main.c:485:6:Error_Handler	4	static,ignoring_inline_asm
