../Core/Src/main.c:110:6:MAX4820_Select	8	static
../Core/Src/main.c:114:6:MAX4820_Deselect	8	static
../Core/Src/main.c:119:6:MAX4820_SendData	24	static
../Core/Src/main.c:129:6:MAX4820_5V_pos	8	static
../Core/Src/main.c:135:6:MAX4820_60V_pos	8	static
../Core/Src/main.c:140:6:MAX4820_5V_neg	8	static
../Core/Src/main.c:146:6:MAX4820_60V_neg	8	static
../Core/Src/main.c:152:19:DAC80501Reset	16	static
../Core/Src/main.c:175:19:DAC80501Config	16	static
../Core/Src/main.c:197:19:DAC80501Gain	16	static
../Core/Src/main.c:219:19:DAC80501DataVoltage5V	24	static
../Core/Src/main.c:251:19:DAC80501DataVoltage60V	24	static
../Core/Src/main.c:286:6:HAL_UARTEx_RxEventCallback	16	static
../Core/Src/main.c:313:5:main	8	static
../Core/Src/main.c:371:6:SystemClock_Config	96	static
../Core/Src/main.c:421:13:MX_SPI1_Init	32	static
../Core/Src/main.c:473:13:MX_SPI2_Init	8	static
../Core/Src/main.c:513:13:MX_USART2_UART_Init	8	static
../Core/Src/main.c:546:13:MX_DMA_Init	16	static
../Core/Src/main.c:564:13:MX_GPIO_Init	48	static
../Core/Src/main.c:604:6:Error_Handler	4	static,ignoring_inline_asm
