16:14:43 **** Incremental Build of configuration Debug for project DAC80501 aansturing V2 ****
make -j6 all 
arm-none-eabi-gcc "../Core/Src/main.c" -mcpu=cortex-m4 -std=gnu11 -g3 -DDEBUG -DUSE_HAL_DRIVER -DSTM32L476xx -c -I../Core/Inc -I../Drivers/STM32L4xx_HAL_Driver/Inc -I../Drivers/STM32L4xx_HAL_Driver/Inc/Legacy -I../Drivers/CMSIS/Device/ST/STM32L4xx/Include -I../Drivers/CMSIS/Include -O0 -ffunction-sections -fdata-sections -Wall -fstack-usage -fcyclomatic-complexity -MMD -MP -MF"Core/Src/main.d" -MT"Core/Src/main.o" --specs=nano.specs -mfpu=fpv4-sp-d16 -mfloat-abi=hard -mthumb -o "Core/Src/main.o"
arm-none-eabi-gcc -o "DAC80501 aansturing V2.elf" @"objects.list"   -mcpu=cortex-m4 -T"C:\Users\stagiair\Documents\Stage Justin\Software recovered\DAC80501 aansturing V2\STM32L476RGTX_FLASH.ld" --specs=nosys.specs -Wl,-Map="DAC80501 aansturing V2.map" -Wl,--gc-sections -static --specs=nano.specs -mfpu=fpv4-sp-d16 -mfloat-abi=hard -mthumb -Wl,--start-group -lc -lm -Wl,--end-group
Finished building target: DAC80501 aansturing V2.elf
 
arm-none-eabi-size  DAC80501\ aansturing\ V2.elf 
arm-none-eabi-objdump -h -S DAC80501\ aansturing\ V2.elf  > "DAC80501 aansturing V2.list"
   text	   data	    bss	    dec	    hex	filename
  14548	     16	   1808	  16372	   3ff4	DAC80501 aansturing V2.elf
Finished building: default.size.stdout
 
Finished building: DAC80501 aansturing V2.list
 

16:14:44 Build Finished. 0 errors, 0 warnings. (took 926ms)

